stm32wbxx_ll_rcc.h:1667:22:LL_RCC_LSE_SetDriveCapability	16	static
stm32wbxx_ll_bus.h:365:22:LL_AHB1_GRP1_EnableClock	24	static
stm32wbxx_ll_bus.h:540:22:LL_AHB2_GRP1_EnableClock	24	static
main.c:121:6:UART_Rx_Receive_Handler	16	static
main.c:157:6:MPU6050_Init	32	static
main.c:190:6:MPU6050_Read_Accel	32	static
main.c:213:6:MPU6050_Read_Gyro	32	static
main.c:235:6:get_RTC_Value	88	static
main.c:259:5:main	392	static
main.c:572:6:SystemClock_Config	152	static
main.c:645:13:MX_ADC1_Init	24	static
main.c:699:13:MX_I2C1_Init	8	static
main.c:745:13:MX_RTC_Init	32	static
main.c:808:13:MX_TIM2_Init	40	static
main.c:853:13:MX_USART1_UART_Init	8	static
main.c:899:13:MX_DMA_Init	8	static
main.c:918:13:MX_GPIO_Init	32	static
main.c:962:6:HAL_UART_RxCpltCallback	16	static
main.c:980:6:HAL_TIM_PeriodElapsedCallback	16	static
main.c:1004:6:Error_Handler	4	static,ignoring_inline_asm
